--------------------------------------------------------------------------------
Release 14.7 Trace  (nt64)
Copyright (c) 1995-2013 Xilinx, Inc.  All rights reserved.

C:\xilinx_temporary\14.7\ISE_DS\ISE\bin\nt64\unwrapped\trce.exe -intstyle ise
-v 3 -s 3 -n 3 -fastpaths -xml VerySimpleCPU.twx VerySimpleCPU.ncd -o
VerySimpleCPU.twr VerySimpleCPU.pcf

Design file:              VerySimpleCPU.ncd
Physical constraint file: VerySimpleCPU.pcf
Device,package,speed:     xc7a100t,csg324,C,-3 (PRODUCTION 1.10 2013-10-13)
Report level:             verbose report

Environment Variable      Effect 
--------------------      ------ 
NONE                      No environment variables were set
--------------------------------------------------------------------------------

INFO:Timing:2698 - No timing constraints found, doing default enumeration.
INFO:Timing:3412 - To improve timing, see the Timing Closure User Guide (UG612).
INFO:Timing:2752 - To get complete path coverage, use the unconstrained paths 
   option. All paths that are not constrained will be reported in the 
   unconstrained paths section(s) of the report.
INFO:Timing:3339 - The clock-to-out numbers in this timing report are based on 
   a 50 Ohm transmission line loading model.  For the details of this model, 
   and for more information on accounting for different loading conditions, 
   please see the device datasheet.



Data Sheet report:
-----------------
All values displayed in nanoseconds (ns)

Setup/Hold to clock clk
----------------+------------+------------+------------+------------+------------------+--------+
                |Max Setup to|  Process   |Max Hold to |  Process   |                  | Clock  |
Source          | clk (edge) |   Corner   | clk (edge) |   Corner   |Internal Clock(s) | Phase  |
----------------+------------+------------+------------+------------+------------------+--------+
data_fromRAM<0> |    3.159(R)|      SLOW  |    1.159(R)|      SLOW  |clk_BUFGP         |   0.000|
data_fromRAM<1> |    2.128(R)|      SLOW  |    1.067(R)|      SLOW  |clk_BUFGP         |   0.000|
data_fromRAM<2> |    2.830(R)|      SLOW  |    1.422(R)|      SLOW  |clk_BUFGP         |   0.000|
data_fromRAM<3> |    2.600(R)|      SLOW  |    1.663(R)|      SLOW  |clk_BUFGP         |   0.000|
data_fromRAM<4> |    2.704(R)|      SLOW  |    1.695(R)|      SLOW  |clk_BUFGP         |   0.000|
data_fromRAM<5> |    2.438(R)|      SLOW  |    1.461(R)|      SLOW  |clk_BUFGP         |   0.000|
data_fromRAM<6> |    1.702(R)|      SLOW  |    1.454(R)|      SLOW  |clk_BUFGP         |   0.000|
data_fromRAM<7> |    1.730(R)|      SLOW  |    1.470(R)|      SLOW  |clk_BUFGP         |   0.000|
data_fromRAM<8> |    1.679(R)|      SLOW  |    1.248(R)|      SLOW  |clk_BUFGP         |   0.000|
data_fromRAM<9> |    1.961(R)|      SLOW  |    1.464(R)|      SLOW  |clk_BUFGP         |   0.000|
data_fromRAM<10>|    1.837(R)|      SLOW  |    1.701(R)|      SLOW  |clk_BUFGP         |   0.000|
data_fromRAM<11>|    1.837(R)|      SLOW  |    1.844(R)|      SLOW  |clk_BUFGP         |   0.000|
data_fromRAM<12>|    2.052(R)|      SLOW  |    1.998(R)|      SLOW  |clk_BUFGP         |   0.000|
data_fromRAM<13>|    1.917(R)|      SLOW  |    1.819(R)|      SLOW  |clk_BUFGP         |   0.000|
data_fromRAM<14>|    1.989(R)|      SLOW  |    2.170(R)|      SLOW  |clk_BUFGP         |   0.000|
data_fromRAM<15>|    1.627(R)|      SLOW  |    1.996(R)|      SLOW  |clk_BUFGP         |   0.000|
data_fromRAM<16>|    1.560(R)|      SLOW  |    2.066(R)|      SLOW  |clk_BUFGP         |   0.000|
data_fromRAM<17>|    1.840(R)|      SLOW  |    1.937(R)|      SLOW  |clk_BUFGP         |   0.000|
data_fromRAM<18>|    1.976(R)|      SLOW  |    1.916(R)|      SLOW  |clk_BUFGP         |   0.000|
data_fromRAM<19>|    1.544(R)|      SLOW  |    2.027(R)|      SLOW  |clk_BUFGP         |   0.000|
data_fromRAM<20>|    1.890(R)|      SLOW  |    1.770(R)|      SLOW  |clk_BUFGP         |   0.000|
data_fromRAM<21>|    2.158(R)|      SLOW  |    1.796(R)|      SLOW  |clk_BUFGP         |   0.000|
data_fromRAM<22>|    1.831(R)|      SLOW  |    1.750(R)|      SLOW  |clk_BUFGP         |   0.000|
data_fromRAM<23>|    1.647(R)|      SLOW  |    1.907(R)|      SLOW  |clk_BUFGP         |   0.000|
data_fromRAM<24>|    1.702(R)|      SLOW  |    1.834(R)|      SLOW  |clk_BUFGP         |   0.000|
data_fromRAM<25>|    1.676(R)|      SLOW  |    1.613(R)|      SLOW  |clk_BUFGP         |   0.000|
data_fromRAM<26>|    1.501(R)|      SLOW  |    1.622(R)|      SLOW  |clk_BUFGP         |   0.000|
data_fromRAM<27>|    1.933(R)|      SLOW  |    1.725(R)|      SLOW  |clk_BUFGP         |   0.000|
data_fromRAM<28>|    1.949(R)|      SLOW  |    1.807(R)|      SLOW  |clk_BUFGP         |   0.000|
data_fromRAM<29>|    1.623(R)|      SLOW  |    1.804(R)|      SLOW  |clk_BUFGP         |   0.000|
data_fromRAM<30>|    1.895(R)|      SLOW  |    1.762(R)|      SLOW  |clk_BUFGP         |   0.000|
data_fromRAM<31>|    1.872(R)|      SLOW  |    1.558(R)|      SLOW  |clk_BUFGP         |   0.000|
interrupt       |    0.614(R)|      FAST  |    0.706(R)|      SLOW  |clk_BUFGP         |   0.000|
rst             |    1.536(R)|      SLOW  |    1.144(R)|      SLOW  |clk_BUFGP         |   0.000|
----------------+------------+------------+------------+------------+------------------+--------+

Clock clk to Pad
--------------+-----------------+------------+-----------------+------------+------------------+--------+
              |Max (slowest) clk|  Process   |Min (fastest) clk|  Process   |                  | Clock  |
Destination   |  (edge) to PAD  |   Corner   |  (edge) to PAD  |   Corner   |Internal Clock(s) | Phase  |
--------------+-----------------+------------+-----------------+------------+------------------+--------+
addr_toRAM<0> |        11.411(R)|      SLOW  |         4.112(R)|      FAST  |clk_BUFGP         |   0.000|
addr_toRAM<1> |        11.288(R)|      SLOW  |         4.016(R)|      FAST  |clk_BUFGP         |   0.000|
addr_toRAM<2> |        11.572(R)|      SLOW  |         4.245(R)|      FAST  |clk_BUFGP         |   0.000|
addr_toRAM<3> |        11.430(R)|      SLOW  |         4.153(R)|      FAST  |clk_BUFGP         |   0.000|
addr_toRAM<4> |        11.083(R)|      SLOW  |         4.029(R)|      FAST  |clk_BUFGP         |   0.000|
addr_toRAM<5> |        10.803(R)|      SLOW  |         3.879(R)|      FAST  |clk_BUFGP         |   0.000|
addr_toRAM<6> |        11.434(R)|      SLOW  |         4.062(R)|      FAST  |clk_BUFGP         |   0.000|
addr_toRAM<7> |        11.588(R)|      SLOW  |         4.215(R)|      FAST  |clk_BUFGP         |   0.000|
addr_toRAM<8> |        11.061(R)|      SLOW  |         4.328(R)|      FAST  |clk_BUFGP         |   0.000|
addr_toRAM<9> |        11.057(R)|      SLOW  |         3.841(R)|      FAST  |clk_BUFGP         |   0.000|
addr_toRAM<10>|        10.967(R)|      SLOW  |         3.906(R)|      FAST  |clk_BUFGP         |   0.000|
addr_toRAM<11>|        10.995(R)|      SLOW  |         3.803(R)|      FAST  |clk_BUFGP         |   0.000|
addr_toRAM<12>|        11.787(R)|      SLOW  |         4.250(R)|      FAST  |clk_BUFGP         |   0.000|
addr_toRAM<13>|        11.294(R)|      SLOW  |         3.940(R)|      FAST  |clk_BUFGP         |   0.000|
data_toRAM<0> |        11.679(R)|      SLOW  |         4.023(R)|      FAST  |clk_BUFGP         |   0.000|
data_toRAM<1> |        11.146(R)|      SLOW  |         3.874(R)|      FAST  |clk_BUFGP         |   0.000|
data_toRAM<2> |        11.633(R)|      SLOW  |         4.026(R)|      FAST  |clk_BUFGP         |   0.000|
data_toRAM<3> |        11.802(R)|      SLOW  |         4.218(R)|      FAST  |clk_BUFGP         |   0.000|
data_toRAM<4> |        11.246(R)|      SLOW  |         3.957(R)|      FAST  |clk_BUFGP         |   0.000|
data_toRAM<5> |        12.350(R)|      SLOW  |         4.384(R)|      FAST  |clk_BUFGP         |   0.000|
data_toRAM<6> |        11.795(R)|      SLOW  |         4.122(R)|      FAST  |clk_BUFGP         |   0.000|
data_toRAM<7> |        12.149(R)|      SLOW  |         4.292(R)|      FAST  |clk_BUFGP         |   0.000|
data_toRAM<8> |        11.938(R)|      SLOW  |         4.043(R)|      FAST  |clk_BUFGP         |   0.000|
data_toRAM<9> |        11.780(R)|      SLOW  |         3.927(R)|      FAST  |clk_BUFGP         |   0.000|
data_toRAM<10>|        12.112(R)|      SLOW  |         4.038(R)|      FAST  |clk_BUFGP         |   0.000|
data_toRAM<11>|        11.881(R)|      SLOW  |         4.238(R)|      FAST  |clk_BUFGP         |   0.000|
data_toRAM<12>|        12.035(R)|      SLOW  |         4.206(R)|      FAST  |clk_BUFGP         |   0.000|
data_toRAM<13>|        12.419(R)|      SLOW  |         4.194(R)|      FAST  |clk_BUFGP         |   0.000|
data_toRAM<14>|        11.597(R)|      SLOW  |         4.102(R)|      FAST  |clk_BUFGP         |   0.000|
data_toRAM<15>|        12.010(R)|      SLOW  |         4.162(R)|      FAST  |clk_BUFGP         |   0.000|
data_toRAM<16>|        11.127(R)|      SLOW  |         4.083(R)|      FAST  |clk_BUFGP         |   0.000|
data_toRAM<17>|        11.263(R)|      SLOW  |         4.017(R)|      FAST  |clk_BUFGP         |   0.000|
data_toRAM<18>|        11.321(R)|      SLOW  |         4.017(R)|      FAST  |clk_BUFGP         |   0.000|
data_toRAM<19>|        11.738(R)|      SLOW  |         4.140(R)|      FAST  |clk_BUFGP         |   0.000|
data_toRAM<20>|        11.105(R)|      SLOW  |         4.060(R)|      FAST  |clk_BUFGP         |   0.000|
data_toRAM<21>|        11.342(R)|      SLOW  |         4.197(R)|      FAST  |clk_BUFGP         |   0.000|
data_toRAM<22>|        12.013(R)|      SLOW  |         4.300(R)|      FAST  |clk_BUFGP         |   0.000|
data_toRAM<23>|        12.024(R)|      SLOW  |         4.333(R)|      FAST  |clk_BUFGP         |   0.000|
data_toRAM<24>|        11.323(R)|      SLOW  |         4.175(R)|      FAST  |clk_BUFGP         |   0.000|
data_toRAM<25>|        11.771(R)|      SLOW  |         4.073(R)|      FAST  |clk_BUFGP         |   0.000|
data_toRAM<26>|        11.643(R)|      SLOW  |         4.097(R)|      FAST  |clk_BUFGP         |   0.000|
data_toRAM<27>|        11.747(R)|      SLOW  |         4.058(R)|      FAST  |clk_BUFGP         |   0.000|
data_toRAM<28>|        11.791(R)|      SLOW  |         4.312(R)|      FAST  |clk_BUFGP         |   0.000|
data_toRAM<29>|        11.961(R)|      SLOW  |         4.305(R)|      FAST  |clk_BUFGP         |   0.000|
data_toRAM<30>|        11.810(R)|      SLOW  |         4.244(R)|      FAST  |clk_BUFGP         |   0.000|
data_toRAM<31>|        11.972(R)|      SLOW  |         4.340(R)|      FAST  |clk_BUFGP         |   0.000|
wrEn          |         9.730(R)|      SLOW  |         4.163(R)|      FAST  |clk_BUFGP         |   0.000|
--------------+-----------------+------------+-----------------+------------+------------------+--------+

Clock to Setup on destination clock clk
---------------+---------+---------+---------+---------+
               | Src:Rise| Src:Fall| Src:Rise| Src:Fall|
Source Clock   |Dest:Rise|Dest:Rise|Dest:Fall|Dest:Fall|
---------------+---------+---------+---------+---------+
clk            |    2.871|         |         |         |
---------------+---------+---------+---------+---------+

Pad to Pad
----------------+---------------+---------+
Source Pad      |Destination Pad|  Delay  |
----------------+---------------+---------+
data_fromRAM<0> |data_toRAM<0>  |   10.476|
data_fromRAM<0> |data_toRAM<1>  |    9.862|
data_fromRAM<0> |data_toRAM<2>  |   10.191|
data_fromRAM<0> |data_toRAM<3>  |   10.470|
data_fromRAM<0> |data_toRAM<4>  |    9.807|
data_fromRAM<0> |data_toRAM<5>  |   10.911|
data_fromRAM<0> |data_toRAM<6>  |   10.356|
data_fromRAM<0> |data_toRAM<7>  |   10.710|
data_fromRAM<0> |data_toRAM<8>  |   10.460|
data_fromRAM<0> |data_toRAM<9>  |   10.302|
data_fromRAM<0> |data_toRAM<10> |   10.769|
data_fromRAM<0> |data_toRAM<11> |   10.398|
data_fromRAM<0> |data_toRAM<12> |   10.552|
data_fromRAM<0> |data_toRAM<13> |   10.936|
data_fromRAM<0> |data_toRAM<14> |   10.267|
data_fromRAM<0> |data_toRAM<15> |   10.680|
data_fromRAM<0> |data_toRAM<16> |    9.667|
data_fromRAM<0> |data_toRAM<17> |    9.933|
data_fromRAM<0> |data_toRAM<18> |    9.991|
data_fromRAM<0> |data_toRAM<19> |   10.408|
data_fromRAM<0> |data_toRAM<20> |    9.611|
data_fromRAM<0> |data_toRAM<21> |   10.012|
data_fromRAM<0> |data_toRAM<22> |   10.683|
data_fromRAM<0> |data_toRAM<23> |   10.694|
data_fromRAM<0> |data_toRAM<24> |    9.993|
data_fromRAM<0> |data_toRAM<25> |   10.441|
data_fromRAM<0> |data_toRAM<26> |   10.188|
data_fromRAM<0> |data_toRAM<27> |   10.417|
data_fromRAM<0> |data_toRAM<28> |   10.461|
data_fromRAM<0> |data_toRAM<29> |   10.631|
data_fromRAM<0> |data_toRAM<30> |   10.471|
data_fromRAM<0> |data_toRAM<31> |   10.642|
data_fromRAM<1> |data_toRAM<1>  |    9.161|
data_fromRAM<1> |data_toRAM<2>  |    9.648|
data_fromRAM<1> |data_toRAM<3>  |    9.927|
data_fromRAM<1> |data_toRAM<4>  |    9.261|
data_fromRAM<1> |data_toRAM<5>  |   10.365|
data_fromRAM<1> |data_toRAM<6>  |    9.810|
data_fromRAM<1> |data_toRAM<7>  |   10.164|
data_fromRAM<1> |data_toRAM<8>  |    9.914|
data_fromRAM<1> |data_toRAM<9>  |    9.756|
data_fromRAM<1> |data_toRAM<10> |   10.218|
data_fromRAM<1> |data_toRAM<11> |    9.852|
data_fromRAM<1> |data_toRAM<12> |   10.006|
data_fromRAM<1> |data_toRAM<13> |   10.390|
data_fromRAM<1> |data_toRAM<14> |    9.716|
data_fromRAM<1> |data_toRAM<15> |   10.129|
data_fromRAM<1> |data_toRAM<16> |    9.116|
data_fromRAM<1> |data_toRAM<17> |    9.382|
data_fromRAM<1> |data_toRAM<18> |    9.440|
data_fromRAM<1> |data_toRAM<19> |    9.857|
data_fromRAM<1> |data_toRAM<20> |    9.060|
data_fromRAM<1> |data_toRAM<21> |    9.461|
data_fromRAM<1> |data_toRAM<22> |   10.132|
data_fromRAM<1> |data_toRAM<23> |   10.143|
data_fromRAM<1> |data_toRAM<24> |    9.442|
data_fromRAM<1> |data_toRAM<25> |    9.890|
data_fromRAM<1> |data_toRAM<26> |    9.637|
data_fromRAM<1> |data_toRAM<27> |    9.866|
data_fromRAM<1> |data_toRAM<28> |    9.910|
data_fromRAM<1> |data_toRAM<29> |   10.080|
data_fromRAM<1> |data_toRAM<30> |    9.920|
data_fromRAM<1> |data_toRAM<31> |   10.091|
data_fromRAM<2> |data_toRAM<2>  |    9.236|
data_fromRAM<2> |data_toRAM<3>  |    9.385|
data_fromRAM<2> |data_toRAM<4>  |    8.977|
data_fromRAM<2> |data_toRAM<5>  |   10.081|
data_fromRAM<2> |data_toRAM<6>  |    9.526|
data_fromRAM<2> |data_toRAM<7>  |    9.880|
data_fromRAM<2> |data_toRAM<8>  |    9.630|
data_fromRAM<2> |data_toRAM<9>  |    9.472|
data_fromRAM<2> |data_toRAM<10> |    9.804|
data_fromRAM<2> |data_toRAM<11> |    9.568|
data_fromRAM<2> |data_toRAM<12> |    9.722|
data_fromRAM<2> |data_toRAM<13> |   10.106|
data_fromRAM<2> |data_toRAM<14> |    9.273|
data_fromRAM<2> |data_toRAM<15> |    9.686|
data_fromRAM<2> |data_toRAM<16> |    8.813|
data_fromRAM<2> |data_toRAM<17> |    8.939|
data_fromRAM<2> |data_toRAM<18> |    8.997|
data_fromRAM<2> |data_toRAM<19> |    9.414|
data_fromRAM<2> |data_toRAM<20> |    8.629|
data_fromRAM<2> |data_toRAM<21> |    9.018|
data_fromRAM<2> |data_toRAM<22> |    9.689|
data_fromRAM<2> |data_toRAM<23> |    9.700|
data_fromRAM<2> |data_toRAM<24> |    8.999|
data_fromRAM<2> |data_toRAM<25> |    9.447|
data_fromRAM<2> |data_toRAM<26> |    9.329|
data_fromRAM<2> |data_toRAM<27> |    9.423|
data_fromRAM<2> |data_toRAM<28> |    9.467|
data_fromRAM<2> |data_toRAM<29> |    9.637|
data_fromRAM<2> |data_toRAM<30> |    9.496|
data_fromRAM<2> |data_toRAM<31> |    9.648|
data_fromRAM<3> |data_toRAM<3>  |    9.433|
data_fromRAM<3> |data_toRAM<4>  |    9.202|
data_fromRAM<3> |data_toRAM<5>  |   10.306|
data_fromRAM<3> |data_toRAM<6>  |    9.751|
data_fromRAM<3> |data_toRAM<7>  |   10.105|
data_fromRAM<3> |data_toRAM<8>  |    9.855|
data_fromRAM<3> |data_toRAM<9>  |    9.697|
data_fromRAM<3> |data_toRAM<10> |   10.029|
data_fromRAM<3> |data_toRAM<11> |    9.793|
data_fromRAM<3> |data_toRAM<12> |    9.947|
data_fromRAM<3> |data_toRAM<13> |   10.331|
data_fromRAM<3> |data_toRAM<14> |    9.399|
data_fromRAM<3> |data_toRAM<15> |    9.812|
data_fromRAM<3> |data_toRAM<16> |    9.038|
data_fromRAM<3> |data_toRAM<17> |    9.065|
data_fromRAM<3> |data_toRAM<18> |    9.123|
data_fromRAM<3> |data_toRAM<19> |    9.540|
data_fromRAM<3> |data_toRAM<20> |    8.854|
data_fromRAM<3> |data_toRAM<21> |    9.144|
data_fromRAM<3> |data_toRAM<22> |    9.815|
data_fromRAM<3> |data_toRAM<23> |    9.826|
data_fromRAM<3> |data_toRAM<24> |    9.125|
data_fromRAM<3> |data_toRAM<25> |    9.573|
data_fromRAM<3> |data_toRAM<26> |    9.554|
data_fromRAM<3> |data_toRAM<27> |    9.549|
data_fromRAM<3> |data_toRAM<28> |    9.593|
data_fromRAM<3> |data_toRAM<29> |    9.763|
data_fromRAM<3> |data_toRAM<30> |    9.721|
data_fromRAM<3> |data_toRAM<31> |    9.774|
data_fromRAM<4> |data_toRAM<4>  |    8.781|
data_fromRAM<4> |data_toRAM<5>  |    9.893|
data_fromRAM<4> |data_toRAM<6>  |    9.484|
data_fromRAM<4> |data_toRAM<7>  |    9.829|
data_fromRAM<4> |data_toRAM<8>  |    9.649|
data_fromRAM<4> |data_toRAM<9>  |    9.491|
data_fromRAM<4> |data_toRAM<10> |   10.037|
data_fromRAM<4> |data_toRAM<11> |    9.616|
data_fromRAM<4> |data_toRAM<12> |    9.741|
data_fromRAM<4> |data_toRAM<13> |   10.153|
data_fromRAM<4> |data_toRAM<14> |    9.535|
data_fromRAM<4> |data_toRAM<15> |    9.948|
data_fromRAM<4> |data_toRAM<16> |    8.935|
data_fromRAM<4> |data_toRAM<17> |    9.201|
data_fromRAM<4> |data_toRAM<18> |    9.259|
data_fromRAM<4> |data_toRAM<19> |    9.676|
data_fromRAM<4> |data_toRAM<20> |    8.879|
data_fromRAM<4> |data_toRAM<21> |    9.280|
data_fromRAM<4> |data_toRAM<22> |    9.951|
data_fromRAM<4> |data_toRAM<23> |    9.962|
data_fromRAM<4> |data_toRAM<24> |    9.261|
data_fromRAM<4> |data_toRAM<25> |    9.709|
data_fromRAM<4> |data_toRAM<26> |    9.456|
data_fromRAM<4> |data_toRAM<27> |    9.685|
data_fromRAM<4> |data_toRAM<28> |    9.729|
data_fromRAM<4> |data_toRAM<29> |    9.899|
data_fromRAM<4> |data_toRAM<30> |    9.739|
data_fromRAM<4> |data_toRAM<31> |    9.910|
data_fromRAM<5> |data_toRAM<5>  |    9.802|
data_fromRAM<5> |data_toRAM<6>  |    9.551|
data_fromRAM<5> |data_toRAM<7>  |    9.897|
data_fromRAM<5> |data_toRAM<8>  |    9.713|
data_fromRAM<5> |data_toRAM<9>  |    9.555|
data_fromRAM<5> |data_toRAM<10> |    9.887|
data_fromRAM<5> |data_toRAM<11> |    9.651|
data_fromRAM<5> |data_toRAM<12> |    9.805|
data_fromRAM<5> |data_toRAM<13> |   10.189|
data_fromRAM<5> |data_toRAM<14> |    9.355|
data_fromRAM<5> |data_toRAM<15> |    9.768|
data_fromRAM<5> |data_toRAM<16> |    8.896|
data_fromRAM<5> |data_toRAM<17> |    9.021|
data_fromRAM<5> |data_toRAM<18> |    9.079|
data_fromRAM<5> |data_toRAM<19> |    9.496|
data_fromRAM<5> |data_toRAM<20> |    8.712|
data_fromRAM<5> |data_toRAM<21> |    9.100|
data_fromRAM<5> |data_toRAM<22> |    9.771|
data_fromRAM<5> |data_toRAM<23> |    9.782|
data_fromRAM<5> |data_toRAM<24> |    9.081|
data_fromRAM<5> |data_toRAM<25> |    9.529|
data_fromRAM<5> |data_toRAM<26> |    9.412|
data_fromRAM<5> |data_toRAM<27> |    9.505|
data_fromRAM<5> |data_toRAM<28> |    9.549|
data_fromRAM<5> |data_toRAM<29> |    9.719|
data_fromRAM<5> |data_toRAM<30> |    9.579|
data_fromRAM<5> |data_toRAM<31> |    9.730|
data_fromRAM<6> |data_toRAM<6>  |    9.409|
data_fromRAM<6> |data_toRAM<7>  |    9.823|
data_fromRAM<6> |data_toRAM<8>  |    9.741|
data_fromRAM<6> |data_toRAM<9>  |    9.586|
data_fromRAM<6> |data_toRAM<10> |   10.225|
data_fromRAM<6> |data_toRAM<11> |    9.804|
data_fromRAM<6> |data_toRAM<12> |    9.758|
data_fromRAM<6> |data_toRAM<13> |   10.341|
data_fromRAM<6> |data_toRAM<14> |    9.723|
data_fromRAM<6> |data_toRAM<15> |   10.136|
data_fromRAM<6> |data_toRAM<16> |    9.123|
data_fromRAM<6> |data_toRAM<17> |    9.389|
data_fromRAM<6> |data_toRAM<18> |    9.447|
data_fromRAM<6> |data_toRAM<19> |    9.864|
data_fromRAM<6> |data_toRAM<20> |    9.067|
data_fromRAM<6> |data_toRAM<21> |    9.468|
data_fromRAM<6> |data_toRAM<22> |   10.139|
data_fromRAM<6> |data_toRAM<23> |   10.150|
data_fromRAM<6> |data_toRAM<24> |    9.449|
data_fromRAM<6> |data_toRAM<25> |    9.897|
data_fromRAM<6> |data_toRAM<26> |    9.644|
data_fromRAM<6> |data_toRAM<27> |    9.873|
data_fromRAM<6> |data_toRAM<28> |    9.917|
data_fromRAM<6> |data_toRAM<29> |   10.087|
data_fromRAM<6> |data_toRAM<30> |    9.927|
data_fromRAM<6> |data_toRAM<31> |   10.098|
data_fromRAM<7> |data_toRAM<7>  |    9.924|
data_fromRAM<7> |data_toRAM<8>  |    9.912|
data_fromRAM<7> |data_toRAM<9>  |    9.754|
data_fromRAM<7> |data_toRAM<10> |   10.142|
data_fromRAM<7> |data_toRAM<11> |    9.850|
data_fromRAM<7> |data_toRAM<12> |   10.004|
data_fromRAM<7> |data_toRAM<13> |   10.388|
data_fromRAM<7> |data_toRAM<14> |    9.640|
data_fromRAM<7> |data_toRAM<15> |   10.053|
data_fromRAM<7> |data_toRAM<16> |    9.095|
data_fromRAM<7> |data_toRAM<17> |    9.306|
data_fromRAM<7> |data_toRAM<18> |    9.364|
data_fromRAM<7> |data_toRAM<19> |    9.781|
data_fromRAM<7> |data_toRAM<20> |    8.984|
data_fromRAM<7> |data_toRAM<21> |    9.385|
data_fromRAM<7> |data_toRAM<22> |   10.056|
data_fromRAM<7> |data_toRAM<23> |   10.067|
data_fromRAM<7> |data_toRAM<24> |    9.366|
data_fromRAM<7> |data_toRAM<25> |    9.814|
data_fromRAM<7> |data_toRAM<26> |    9.611|
data_fromRAM<7> |data_toRAM<27> |    9.790|
data_fromRAM<7> |data_toRAM<28> |    9.834|
data_fromRAM<7> |data_toRAM<29> |   10.004|
data_fromRAM<7> |data_toRAM<30> |    9.844|
data_fromRAM<7> |data_toRAM<31> |   10.015|
data_fromRAM<8> |data_toRAM<8>  |    9.583|
data_fromRAM<8> |data_toRAM<9>  |    9.472|
data_fromRAM<8> |data_toRAM<10> |    9.950|
data_fromRAM<8> |data_toRAM<11> |    9.705|
data_fromRAM<8> |data_toRAM<12> |    9.929|
data_fromRAM<8> |data_toRAM<13> |   10.313|
data_fromRAM<8> |data_toRAM<14> |    9.507|
data_fromRAM<8> |data_toRAM<15> |    9.920|
data_fromRAM<8> |data_toRAM<16> |    9.020|
data_fromRAM<8> |data_toRAM<17> |    9.173|
data_fromRAM<8> |data_toRAM<18> |    9.231|
data_fromRAM<8> |data_toRAM<19> |    9.648|
data_fromRAM<8> |data_toRAM<20> |    8.851|
data_fromRAM<8> |data_toRAM<21> |    9.252|
data_fromRAM<8> |data_toRAM<22> |    9.923|
data_fromRAM<8> |data_toRAM<23> |    9.934|
data_fromRAM<8> |data_toRAM<24> |    9.233|
data_fromRAM<8> |data_toRAM<25> |    9.681|
data_fromRAM<8> |data_toRAM<26> |    9.536|
data_fromRAM<8> |data_toRAM<27> |    9.657|
data_fromRAM<8> |data_toRAM<28> |    9.701|
data_fromRAM<8> |data_toRAM<29> |    9.871|
data_fromRAM<8> |data_toRAM<30> |    9.711|
data_fromRAM<8> |data_toRAM<31> |    9.882|
data_fromRAM<9> |data_toRAM<9>  |    9.175|
data_fromRAM<9> |data_toRAM<10> |    9.811|
data_fromRAM<9> |data_toRAM<11> |    9.567|
data_fromRAM<9> |data_toRAM<12> |    9.787|
data_fromRAM<9> |data_toRAM<13> |   10.171|
data_fromRAM<9> |data_toRAM<14> |    9.165|
data_fromRAM<9> |data_toRAM<15> |    9.578|
data_fromRAM<9> |data_toRAM<16> |    8.878|
data_fromRAM<9> |data_toRAM<17> |    8.831|
data_fromRAM<9> |data_toRAM<18> |    8.902|
data_fromRAM<9> |data_toRAM<19> |    9.306|
data_fromRAM<9> |data_toRAM<20> |    8.694|
data_fromRAM<9> |data_toRAM<21> |    8.931|
data_fromRAM<9> |data_toRAM<22> |    9.581|
data_fromRAM<9> |data_toRAM<23> |    9.592|
data_fromRAM<9> |data_toRAM<24> |    8.891|
data_fromRAM<9> |data_toRAM<25> |    9.339|
data_fromRAM<9> |data_toRAM<26> |    9.394|
data_fromRAM<9> |data_toRAM<27> |    9.315|
data_fromRAM<9> |data_toRAM<28> |    9.359|
data_fromRAM<9> |data_toRAM<29> |    9.546|
data_fromRAM<9> |data_toRAM<30> |    9.561|
data_fromRAM<9> |data_toRAM<31> |    9.540|
data_fromRAM<10>|data_toRAM<10> |    9.300|
data_fromRAM<10>|data_toRAM<11> |    9.085|
data_fromRAM<10>|data_toRAM<12> |    9.404|
data_fromRAM<10>|data_toRAM<13> |    9.788|
data_fromRAM<10>|data_toRAM<14> |    8.893|
data_fromRAM<10>|data_toRAM<15> |    9.306|
data_fromRAM<10>|data_toRAM<16> |    8.495|
data_fromRAM<10>|data_toRAM<17> |    8.559|
data_fromRAM<10>|data_toRAM<18> |    8.617|
data_fromRAM<10>|data_toRAM<19> |    9.034|
data_fromRAM<10>|data_toRAM<20> |    8.311|
data_fromRAM<10>|data_toRAM<21> |    8.638|
data_fromRAM<10>|data_toRAM<22> |    9.309|
data_fromRAM<10>|data_toRAM<23> |    9.320|
data_fromRAM<10>|data_toRAM<24> |    8.619|
data_fromRAM<10>|data_toRAM<25> |    9.067|
data_fromRAM<10>|data_toRAM<26> |    9.011|
data_fromRAM<10>|data_toRAM<27> |    9.043|
data_fromRAM<10>|data_toRAM<28> |    9.087|
data_fromRAM<10>|data_toRAM<29> |    9.257|
data_fromRAM<10>|data_toRAM<30> |    9.178|
data_fromRAM<10>|data_toRAM<31> |    9.268|
data_fromRAM<11>|data_toRAM<11> |    9.345|
data_fromRAM<11>|data_toRAM<12> |    9.737|
data_fromRAM<11>|data_toRAM<13> |   10.121|
data_fromRAM<11>|data_toRAM<14> |    8.953|
data_fromRAM<11>|data_toRAM<15> |    9.366|
data_fromRAM<11>|data_toRAM<16> |    8.828|
data_fromRAM<11>|data_toRAM<17> |    8.745|
data_fromRAM<11>|data_toRAM<18> |    8.852|
data_fromRAM<11>|data_toRAM<19> |    9.094|
data_fromRAM<11>|data_toRAM<20> |    8.644|
data_fromRAM<11>|data_toRAM<21> |    8.881|
data_fromRAM<11>|data_toRAM<22> |    9.369|
data_fromRAM<11>|data_toRAM<23> |    9.380|
data_fromRAM<11>|data_toRAM<24> |    8.679|
data_fromRAM<11>|data_toRAM<25> |    9.127|
data_fromRAM<11>|data_toRAM<26> |    9.344|
data_fromRAM<11>|data_toRAM<27> |    9.103|
data_fromRAM<11>|data_toRAM<28> |    9.147|
data_fromRAM<11>|data_toRAM<29> |    9.496|
data_fromRAM<11>|data_toRAM<30> |    9.511|
data_fromRAM<11>|data_toRAM<31> |    9.328|
data_fromRAM<12>|data_toRAM<12> |    9.500|
data_fromRAM<12>|data_toRAM<13> |    9.931|
data_fromRAM<12>|data_toRAM<14> |    8.923|
data_fromRAM<12>|data_toRAM<15> |    9.328|
data_fromRAM<12>|data_toRAM<16> |    8.845|
data_fromRAM<12>|data_toRAM<17> |    8.762|
data_fromRAM<12>|data_toRAM<18> |    8.869|
data_fromRAM<12>|data_toRAM<19> |    9.144|
data_fromRAM<12>|data_toRAM<20> |    8.661|
data_fromRAM<12>|data_toRAM<21> |    8.898|
data_fromRAM<12>|data_toRAM<22> |    9.419|
data_fromRAM<12>|data_toRAM<23> |    9.430|
data_fromRAM<12>|data_toRAM<24> |    8.729|
data_fromRAM<12>|data_toRAM<25> |    9.177|
data_fromRAM<12>|data_toRAM<26> |    9.361|
data_fromRAM<12>|data_toRAM<27> |    9.153|
data_fromRAM<12>|data_toRAM<28> |    9.197|
data_fromRAM<12>|data_toRAM<29> |    9.513|
data_fromRAM<12>|data_toRAM<30> |    9.528|
data_fromRAM<12>|data_toRAM<31> |    9.378|
data_fromRAM<13>|data_toRAM<13> |    9.607|
data_fromRAM<13>|data_toRAM<14> |    8.890|
data_fromRAM<13>|data_toRAM<15> |    9.295|
data_fromRAM<13>|data_toRAM<16> |    8.676|
data_fromRAM<13>|data_toRAM<17> |    8.628|
data_fromRAM<13>|data_toRAM<18> |    8.700|
data_fromRAM<13>|data_toRAM<19> |    9.103|
data_fromRAM<13>|data_toRAM<20> |    8.492|
data_fromRAM<13>|data_toRAM<21> |    8.729|
data_fromRAM<13>|data_toRAM<22> |    9.378|
data_fromRAM<13>|data_toRAM<23> |    9.389|
data_fromRAM<13>|data_toRAM<24> |    8.688|
data_fromRAM<13>|data_toRAM<25> |    9.136|
data_fromRAM<13>|data_toRAM<26> |    9.192|
data_fromRAM<13>|data_toRAM<27> |    9.112|
data_fromRAM<13>|data_toRAM<28> |    9.156|
data_fromRAM<13>|data_toRAM<29> |    9.344|
data_fromRAM<13>|data_toRAM<30> |    9.359|
data_fromRAM<13>|data_toRAM<31> |    9.337|
data_fromRAM<14>|addr_toRAM<0>  |    8.023|
data_fromRAM<14>|data_toRAM<14> |    8.755|
data_fromRAM<14>|data_toRAM<15> |    9.193|
data_fromRAM<14>|data_toRAM<16> |    8.359|
data_fromRAM<14>|data_toRAM<17> |    8.625|
data_fromRAM<14>|data_toRAM<18> |    8.683|
data_fromRAM<14>|data_toRAM<19> |    9.100|
data_fromRAM<14>|data_toRAM<20> |    8.303|
data_fromRAM<14>|data_toRAM<21> |    8.704|
data_fromRAM<14>|data_toRAM<22> |    9.375|
data_fromRAM<14>|data_toRAM<23> |    9.386|
data_fromRAM<14>|data_toRAM<24> |    8.685|
data_fromRAM<14>|data_toRAM<25> |    9.133|
data_fromRAM<14>|data_toRAM<26> |    8.880|
data_fromRAM<14>|data_toRAM<27> |    9.109|
data_fromRAM<14>|data_toRAM<28> |    9.153|
data_fromRAM<14>|data_toRAM<29> |    9.323|
data_fromRAM<14>|data_toRAM<30> |    9.163|
data_fromRAM<14>|data_toRAM<31> |    9.334|
data_fromRAM<15>|addr_toRAM<1>  |    7.724|
data_fromRAM<15>|data_toRAM<15> |    8.860|
data_fromRAM<15>|data_toRAM<16> |    8.135|
data_fromRAM<15>|data_toRAM<17> |    8.370|
data_fromRAM<15>|data_toRAM<18> |    8.428|
data_fromRAM<15>|data_toRAM<19> |    8.845|
data_fromRAM<15>|data_toRAM<20> |    8.048|
data_fromRAM<15>|data_toRAM<21> |    8.449|
data_fromRAM<15>|data_toRAM<22> |    9.120|
data_fromRAM<15>|data_toRAM<23> |    9.131|
data_fromRAM<15>|data_toRAM<24> |    8.430|
data_fromRAM<15>|data_toRAM<25> |    8.878|
data_fromRAM<15>|data_toRAM<26> |    8.651|
data_fromRAM<15>|data_toRAM<27> |    8.854|
data_fromRAM<15>|data_toRAM<28> |    8.898|
data_fromRAM<15>|data_toRAM<29> |    9.068|
data_fromRAM<15>|data_toRAM<30> |    8.908|
data_fromRAM<15>|data_toRAM<31> |    9.079|
data_fromRAM<16>|addr_toRAM<2>  |    8.255|
data_fromRAM<16>|data_toRAM<16> |    8.213|
data_fromRAM<16>|data_toRAM<17> |    8.524|
data_fromRAM<16>|data_toRAM<18> |    8.735|
data_fromRAM<16>|data_toRAM<19> |    9.144|
data_fromRAM<16>|data_toRAM<20> |    8.435|
data_fromRAM<16>|data_toRAM<21> |    8.836|
data_fromRAM<16>|data_toRAM<22> |    9.507|
data_fromRAM<16>|data_toRAM<23> |    9.518|
data_fromRAM<16>|data_toRAM<24> |    8.817|
data_fromRAM<16>|data_toRAM<25> |    9.265|
data_fromRAM<16>|data_toRAM<26> |    9.012|
data_fromRAM<16>|data_toRAM<27> |    9.241|
data_fromRAM<16>|data_toRAM<28> |    9.285|
data_fromRAM<16>|data_toRAM<29> |    9.455|
data_fromRAM<16>|data_toRAM<30> |    9.295|
data_fromRAM<16>|data_toRAM<31> |    9.466|
data_fromRAM<17>|addr_toRAM<3>  |    8.224|
data_fromRAM<17>|data_toRAM<17> |    8.081|
data_fromRAM<17>|data_toRAM<18> |    8.451|
data_fromRAM<17>|data_toRAM<19> |    8.860|
data_fromRAM<17>|data_toRAM<20> |    8.143|
data_fromRAM<17>|data_toRAM<21> |    8.544|
data_fromRAM<17>|data_toRAM<22> |    9.215|
data_fromRAM<17>|data_toRAM<23> |    9.226|
data_fromRAM<17>|data_toRAM<24> |    8.525|
data_fromRAM<17>|data_toRAM<25> |    8.973|
data_fromRAM<17>|data_toRAM<26> |    8.720|
data_fromRAM<17>|data_toRAM<27> |    8.949|
data_fromRAM<17>|data_toRAM<28> |    8.993|
data_fromRAM<17>|data_toRAM<29> |    9.163|
data_fromRAM<17>|data_toRAM<30> |    9.003|
data_fromRAM<17>|data_toRAM<31> |    9.174|
data_fromRAM<18>|addr_toRAM<4>  |    7.612|
data_fromRAM<18>|data_toRAM<18> |    7.970|
data_fromRAM<18>|data_toRAM<19> |    8.397|
data_fromRAM<18>|data_toRAM<20> |    7.948|
data_fromRAM<18>|data_toRAM<21> |    8.185|
data_fromRAM<18>|data_toRAM<22> |    8.851|
data_fromRAM<18>|data_toRAM<23> |    8.862|
data_fromRAM<18>|data_toRAM<24> |    8.161|
data_fromRAM<18>|data_toRAM<25> |    8.609|
data_fromRAM<18>|data_toRAM<26> |    8.648|
data_fromRAM<18>|data_toRAM<27> |    8.585|
data_fromRAM<18>|data_toRAM<28> |    8.629|
data_fromRAM<18>|data_toRAM<29> |    8.800|
data_fromRAM<18>|data_toRAM<30> |    8.815|
data_fromRAM<18>|data_toRAM<31> |    8.810|
data_fromRAM<19>|addr_toRAM<5>  |    7.748|
data_fromRAM<19>|data_toRAM<19> |    8.700|
data_fromRAM<19>|data_toRAM<20> |    8.160|
data_fromRAM<19>|data_toRAM<21> |    8.561|
data_fromRAM<19>|data_toRAM<22> |    9.232|
data_fromRAM<19>|data_toRAM<23> |    9.243|
data_fromRAM<19>|data_toRAM<24> |    8.542|
data_fromRAM<19>|data_toRAM<25> |    8.990|
data_fromRAM<19>|data_toRAM<26> |    8.737|
data_fromRAM<19>|data_toRAM<27> |    8.966|
data_fromRAM<19>|data_toRAM<28> |    9.010|
data_fromRAM<19>|data_toRAM<29> |    9.180|
data_fromRAM<19>|data_toRAM<30> |    9.020|
data_fromRAM<19>|data_toRAM<31> |    9.191|
data_fromRAM<20>|addr_toRAM<6>  |    7.929|
data_fromRAM<20>|data_toRAM<20> |    7.905|
data_fromRAM<20>|data_toRAM<21> |    8.189|
data_fromRAM<20>|data_toRAM<22> |    8.988|
data_fromRAM<20>|data_toRAM<23> |    8.991|
data_fromRAM<20>|data_toRAM<24> |    8.378|
data_fromRAM<20>|data_toRAM<25> |    8.826|
data_fromRAM<20>|data_toRAM<26> |    8.859|
data_fromRAM<20>|data_toRAM<27> |    8.802|
data_fromRAM<20>|data_toRAM<28> |    8.846|
data_fromRAM<20>|data_toRAM<29> |    9.016|
data_fromRAM<20>|data_toRAM<30> |    9.026|
data_fromRAM<20>|data_toRAM<31> |    9.027|
data_fromRAM<21>|addr_toRAM<7>  |    8.103|
data_fromRAM<21>|data_toRAM<21> |    8.260|
data_fromRAM<21>|data_toRAM<22> |    9.243|
data_fromRAM<21>|data_toRAM<23> |    9.246|
data_fromRAM<21>|data_toRAM<24> |    8.625|
data_fromRAM<21>|data_toRAM<25> |    9.073|
data_fromRAM<21>|data_toRAM<26> |    8.820|
data_fromRAM<21>|data_toRAM<27> |    9.049|
data_fromRAM<21>|data_toRAM<28> |    9.093|
data_fromRAM<21>|data_toRAM<29> |    9.263|
data_fromRAM<21>|data_toRAM<30> |    9.103|
data_fromRAM<21>|data_toRAM<31> |    9.274|
data_fromRAM<22>|addr_toRAM<8>  |    8.106|
data_fromRAM<22>|data_toRAM<22> |    9.054|
data_fromRAM<22>|data_toRAM<23> |    9.090|
data_fromRAM<22>|data_toRAM<24> |    8.568|
data_fromRAM<22>|data_toRAM<25> |    9.016|
data_fromRAM<22>|data_toRAM<26> |    8.865|
data_fromRAM<22>|data_toRAM<27> |    8.992|
data_fromRAM<22>|data_toRAM<28> |    9.036|
data_fromRAM<22>|data_toRAM<29> |    9.206|
data_fromRAM<22>|data_toRAM<30> |    9.046|
data_fromRAM<22>|data_toRAM<31> |    9.217|
data_fromRAM<23>|addr_toRAM<9>  |    7.845|
data_fromRAM<23>|data_toRAM<23> |    8.605|
data_fromRAM<23>|data_toRAM<24> |    8.161|
data_fromRAM<23>|data_toRAM<25> |    8.609|
data_fromRAM<23>|data_toRAM<26> |    8.781|
data_fromRAM<23>|data_toRAM<27> |    8.585|
data_fromRAM<23>|data_toRAM<28> |    8.629|
data_fromRAM<23>|data_toRAM<29> |    8.933|
data_fromRAM<23>|data_toRAM<30> |    8.948|
data_fromRAM<23>|data_toRAM<31> |    8.810|
data_fromRAM<24>|addr_toRAM<10> |    7.900|
data_fromRAM<24>|data_toRAM<24> |    8.499|
data_fromRAM<24>|data_toRAM<25> |    8.992|
data_fromRAM<24>|data_toRAM<26> |    9.010|
data_fromRAM<24>|data_toRAM<27> |    9.113|
data_fromRAM<24>|data_toRAM<28> |    9.245|
data_fromRAM<24>|data_toRAM<29> |    9.415|
data_fromRAM<24>|data_toRAM<30> |    9.255|
data_fromRAM<24>|data_toRAM<31> |    9.426|
data_fromRAM<25>|addr_toRAM<11> |    7.675|
data_fromRAM<25>|data_toRAM<25> |    8.533|
data_fromRAM<25>|data_toRAM<26> |    8.988|
data_fromRAM<25>|data_toRAM<27> |    8.813|
data_fromRAM<25>|data_toRAM<28> |    8.937|
data_fromRAM<25>|data_toRAM<29> |    9.198|
data_fromRAM<25>|data_toRAM<30> |    9.213|
data_fromRAM<25>|data_toRAM<31> |    9.118|
data_fromRAM<26>|addr_toRAM<12> |    8.408|
data_fromRAM<26>|data_toRAM<26> |    8.832|
data_fromRAM<26>|data_toRAM<27> |    8.959|
data_fromRAM<26>|data_toRAM<28> |    9.182|
data_fromRAM<26>|data_toRAM<29> |    9.352|
data_fromRAM<26>|data_toRAM<30> |    9.192|
data_fromRAM<26>|data_toRAM<31> |    9.363|
data_fromRAM<27>|addr_toRAM<13> |    7.670|
data_fromRAM<27>|data_toRAM<27> |    8.338|
data_fromRAM<27>|data_toRAM<28> |    8.639|
data_fromRAM<27>|data_toRAM<29> |    8.906|
data_fromRAM<27>|data_toRAM<30> |    8.921|
data_fromRAM<27>|data_toRAM<31> |    8.820|
data_fromRAM<28>|data_toRAM<28> |    8.793|
data_fromRAM<28>|data_toRAM<29> |    9.008|
data_fromRAM<28>|data_toRAM<30> |    9.001|
data_fromRAM<28>|data_toRAM<31> |    9.164|
data_fromRAM<29>|addr_toRAM<0>  |    8.265|
data_fromRAM<29>|addr_toRAM<1>  |    8.603|
data_fromRAM<29>|addr_toRAM<2>  |    8.571|
data_fromRAM<29>|addr_toRAM<3>  |    8.756|
data_fromRAM<29>|addr_toRAM<4>  |    7.934|
data_fromRAM<29>|addr_toRAM<5>  |    8.322|
data_fromRAM<29>|addr_toRAM<6>  |    8.920|
data_fromRAM<29>|addr_toRAM<7>  |    8.666|
data_fromRAM<29>|addr_toRAM<8>  |    8.907|
data_fromRAM<29>|addr_toRAM<9>  |    8.705|
data_fromRAM<29>|addr_toRAM<10> |    8.624|
data_fromRAM<29>|addr_toRAM<11> |    8.545|
data_fromRAM<29>|addr_toRAM<12> |    8.594|
data_fromRAM<29>|addr_toRAM<13> |    8.315|
data_fromRAM<29>|data_toRAM<29> |    9.016|
data_fromRAM<29>|data_toRAM<30> |    9.168|
data_fromRAM<29>|data_toRAM<31> |    9.331|
data_fromRAM<30>|addr_toRAM<0>  |    8.539|
data_fromRAM<30>|addr_toRAM<1>  |    8.877|
data_fromRAM<30>|addr_toRAM<2>  |    8.845|
data_fromRAM<30>|addr_toRAM<3>  |    9.030|
data_fromRAM<30>|addr_toRAM<4>  |    8.208|
data_fromRAM<30>|addr_toRAM<5>  |    8.596|
data_fromRAM<30>|addr_toRAM<6>  |    9.194|
data_fromRAM<30>|addr_toRAM<7>  |    8.940|
data_fromRAM<30>|addr_toRAM<8>  |    9.181|
data_fromRAM<30>|addr_toRAM<9>  |    8.979|
data_fromRAM<30>|addr_toRAM<10> |    8.898|
data_fromRAM<30>|addr_toRAM<11> |    8.819|
data_fromRAM<30>|addr_toRAM<12> |    8.868|
data_fromRAM<30>|addr_toRAM<13> |    8.589|
data_fromRAM<30>|data_toRAM<30> |    8.540|
data_fromRAM<30>|data_toRAM<31> |    8.735|
data_fromRAM<31>|addr_toRAM<0>  |    8.520|
data_fromRAM<31>|addr_toRAM<1>  |    8.858|
data_fromRAM<31>|addr_toRAM<2>  |    8.826|
data_fromRAM<31>|addr_toRAM<3>  |    9.011|
data_fromRAM<31>|addr_toRAM<4>  |    8.189|
data_fromRAM<31>|addr_toRAM<5>  |    8.577|
data_fromRAM<31>|addr_toRAM<6>  |    9.175|
data_fromRAM<31>|addr_toRAM<7>  |    8.921|
data_fromRAM<31>|addr_toRAM<8>  |    9.162|
data_fromRAM<31>|addr_toRAM<9>  |    8.960|
data_fromRAM<31>|addr_toRAM<10> |    8.879|
data_fromRAM<31>|addr_toRAM<11> |    8.800|
data_fromRAM<31>|addr_toRAM<12> |    8.849|
data_fromRAM<31>|addr_toRAM<13> |    8.570|
data_fromRAM<31>|data_toRAM<31> |    8.790|
----------------+---------------+---------+


Analysis completed Wed May 31 14:48:19 2023 
--------------------------------------------------------------------------------

Trace Settings:
-------------------------
Trace Settings 

Peak Memory Usage: 4998 MB



